Vercel CLI 59.11.7 (Node.js 22.23.2)
Deploying foltum-studio-web
Uploading [--------------------] (0.0B/136.5MB)
Uploading [=====---------------] (34.1MB/136.5MB)
Uploading [==========----------] (68.3MB/136.5MB)
Uploading [===============-----] (102.4MB/136.5MB)
Uploading [====================] (136.5MB/136.5MB)
  Inspect         https://vercel.com/home-e842/foltum-studio-web/HvhqBt7KiERUCAtAQRKU8HZcwWhp
  Production      https://foltum-studio-mlfggmnnr-home-e842.vercel.app
https://foltum-studio-mlfggmnnr-home-e842.vercel.appBuilding…
Building…
Running build in Washington, D.C., USA (East) – iad1
Build machine configuration: 4 cores, 8 GB
Retrieving list of deployment files...
Downloading 1061 deployment files...
Restored build cache from previous deployment (7XESMwBxgTjCHEMXmuQSJzNGBhBT)
Running "vercel build"
Vercel CLI 59.11.7
Warning: Detected "engines": { "node": ">=20.9.0" } in your `package.json` that will automatically upgrade when a new major Node.js Version is released. Learn More: https://vercel.link/node-version
Installing dependencies...
> postinstall
> prisma generate
Prisma schema loaded from prisma/schema.prisma
Warning: You did not specify an output path for your `generator` in schema.prisma. This behavior is deprecated and will no longer be supported in Prisma 7.0.0. To learn more visit https://pris.ly/cli/output-path
✔ Generated Prisma Client (v6.7.0) to ./node_modules/@prisma/client in 225ms
Start by importing your Prisma Client (See: https://pris.ly/d/importing-client)
Tip: Interested in query caching in just a few lines of code? Try Accelerate today! https://pris.ly/tip-3-accelerate
up to date in 3s
222 packages are looking for funding
run `npm fund` for details
npm warn allow-scripts 8 packages have install scripts not yet covered by allowScripts:
npm warn allow-scripts   @prisma/client@6.7.0 (postinstall: node scripts/postinstall.js)
npm warn allow-scripts   @prisma/engines@6.7.0 (postinstall: node scripts/postinstall.js)
npm warn allow-scripts   es5-ext@0.10.64 (postinstall:  node -e "try{require('./_postinstall')}catch(e){}" || exit 0)
npm warn allow-scripts   esbuild@0.28.2 (postinstall: node install.js)
npm warn allow-scripts   ffmpeg-static@5.3.0 (install: node install.js)
npm warn allow-scripts   prisma@6.7.0 (preinstall: node scripts/preinstall-entry.js)
npm warn allow-scripts   esbuild@0.25.12 (postinstall: node install.js)
npm warn allow-scripts   unrs-resolver@1.12.2 (postinstall: node postinstall.js)
npm warn allow-scripts
npm warn allow-scripts Run `npm approve-scripts --allow-scripts-pending` to review, or `npm approve-scripts <pkg>` to allow.
Detected Next.js version: 16.3.3
Running "npm run build"
> build
> prisma generate && (prisma db execute --schema prisma/schema.prisma --file prisma/patch.sql || echo 'patch.sql skipped') && next build --webpack
Prisma schema loaded from prisma/schema.prisma
Warning: You did not specify an output path for your `generator` in schema.prisma. This behavior is deprecated and will no longer be supported in Prisma 7.0.0. To learn more visit https://pris.ly/cli/output-path
✔ Generated Prisma Client (v6.7.0) to ./node_modules/@prisma/client in 171ms
Start by importing your Prisma Client (See: https://pris.ly/d/importing-client)
Tip: Need your database queries to be 1000x faster? Accelerate offers you that and more: https://pris.ly/tip-2-accelerate
┌─────────────────────────────────────────────────────────┐
│  Update available 6.7.0 -> 8.0.0-rc.14                  │
│                                                         │
│  This is a major update - please follow the guide at    │
│  https://pris.ly/d/major-version-upgrade                │
│                                                         │
│  Run the following to update                            │
│    npm i --save-dev prisma@latest                       │
│    npm i @prisma/client@latest                          │
└─────────────────────────────────────────────────────────┘
Script executed successfully.
▲ Next.js 16.3.3 (webpack)
Applying modifyConfig from Vercel
✓ Running next.config.js took 84ms
⚠ The "middleware" file convention is deprecated. Please use "proxy" instead.
To migrate automatically, run:
npx @next/codemod@canary middleware-to-proxy .
Learn more: https://nextjs.org/docs/messages/middleware-to-proxy
Creating an optimized production build ...
✓ Compiled successfully in 9.4s
Skipping validation of types
Finished TypeScript config validation in 8ms ...
Collecting page data using 3 workers ...
Generating static pages using 3 workers (0/1) ...
✓ Generating static pages using 3 workers (1/1) in 1126ms
Finalizing page optimization ...
Collecting build traces ...
Running onBuildComplete from Vercel
Warning: Detected "engines": { "node": ">=20.9.0" } in your `package.json` that will automatically upgrade when a new major Node.js Version is released. Learn More: https://vercel.link/node-version
Route (app)
┌ ƒ /
├ ƒ /_not-found
├ ƒ /api/ai/accept-scene
├ ƒ /api/ai/artifacts/[id]/revise
├ ƒ /api/ai/assemble-episode
├ ƒ /api/ai/assemble-episode/polish
├ ƒ /api/ai/assemble-episode/status
├ ƒ /api/ai/characters
├ ƒ /api/ai/characters/[id]/prompt
├ ƒ /api/ai/characters/[id]/shot
├ ƒ /api/ai/characters/[id]/undo
├ ƒ /api/ai/characters/add
├ ƒ /api/ai/characters/appearance
├ ƒ /api/ai/characters/lock
├ ƒ /api/ai/characters/references
├ ƒ /api/ai/characters/regenerate
├ ƒ /api/ai/characters/revise
├ ƒ /api/ai/episodes/[episodeId]/artifacts
├ ƒ /api/ai/episodes/[id]/chain-mode
├ ƒ /api/ai/episodes/[id]/generate-all
├ ƒ /api/ai/episodes/[id]/generate-all/cancel
├ ƒ /api/ai/episodes/[id]/generate-all/continue
├ ƒ /api/ai/episodes/[id]/location/revise
├ ƒ /api/ai/episodes/[id]/revise
├ ƒ /api/ai/episodes/[id]/scene-mode
├ ƒ /api/ai/episodes/[id]/storyboard-all
├ ƒ /api/ai/generate-episode-videos
├ ƒ /api/ai/generate-video
├ ƒ /api/ai/idea
├ ƒ /api/ai/idea/parse-file
├ ƒ /api/ai/idea/revise
├ ƒ /api/ai/jobs/[id]/cancel
├ ƒ /api/ai/locations
├ ƒ /api/ai/locations/[id]/extra-images
├ ƒ /api/ai/locations/[id]/frame
├ ƒ /api/ai/locations/[id]/image
├ ƒ /api/ai/locations/[id]/lock
├ ƒ /api/ai/locations/[id]/prompt
├ ƒ /api/ai/locations/[id]/revise
├ ƒ /api/ai/locations/[id]/shot
├ ƒ /api/ai/locations/[id]/undo
├ ƒ /api/ai/scenes
├ ƒ /api/ai/scenes/[id]/prompt
├ ƒ /api/ai/scenes/[id]/revise
├ ƒ /api/ai/scenes/[id]/storyboard
├ ƒ /api/ai/scenes/[id]/undo
├ ƒ /api/ai/season
├ ƒ /api/ai/season/full-story/revise
├ ƒ /api/ai/season/revise
├ ƒ /api/ai/short-synopsis
├ ƒ /api/ai/structure
├ ƒ /api/ai/synopsis
├ ƒ /api/ai/test-scene
├ ƒ /api/ai/workers/character-images
├ ƒ /api/ai/workers/generate-video
├ ƒ /api/auth/[...nextauth]
├ ƒ /api/auth/login
├ ƒ /api/credits/add
├ ƒ /api/files/download
├ ƒ /api/files/download-zip
├ ƒ /api/jobs
├ ƒ /api/jobs/[id]
├ ƒ /api/payment/wayforpay/callback
├ ƒ /api/payment/wayforpay/create
├ ƒ /api/payment/wayforpay/status
├ ƒ /api/projects
├ ƒ /api/projects/[id]
├ ƒ /api/projects/[id]/approve-idea
├ ƒ /api/projects/[id]/approve-structure
├ ƒ /api/projects/[id]/approve-synopsis
├ ƒ /api/projects/[id]/continue-to-script
├ ƒ /api/projects/[id]/lock-characters
├ ƒ /api/projects/[id]/test-episode
├ ƒ /api/signup
├ ƒ /api/upload/presigned
├ ƒ /api/user/credits
├ ƒ /dashboard
├ ƒ /login
├ ƒ /pricing
├ ƒ /project/[id]
├ ƒ /project/[id]/episode/[episodeId]
├ ƒ /project/new
└ ƒ /signup
ƒ Proxy (Middleware)
ƒ  (Dynamic)  server-rendered on demand
Build Completed in /vercel/output [41s]
Deploying outputs...
[2K[1A[2K[G  Production      https://foltum-studio-mlfggmnnr-home-e842.vercel.app
Completing…
▲ Aliased         https://foltum-studio-web.vercel.app

✓ Ready in 1m

Next steps:
- Check the deployment response:
  vercel curl https://foltum-studio-mlfggmnnr-home-e842.vercel.app
- View build logs:
  vercel inspect foltum-studio-mlfggmnnr-home-e842.vercel.app --logs
- Create a new deployment from the same source:
  vercel redeploy foltum-studio-mlfggmnnr-home-e842.vercel.app
